Archive member included because of file (symbol)

lib/lib.a(ctype.o)            kernel/kernel.o (_ctype)
lib/lib.a(_exit.o)            init/main.o (_exit)
lib/lib.a(open.o)             init/main.o (open)
lib/lib.a(close.o)            init/main.o (close)
lib/lib.a(errno.o)            init/main.o (errno)
lib/lib.a(write.o)            init/main.o (write)
lib/lib.a(dup.o)              init/main.o (dup)
lib/lib.a(setsid.o)           init/main.o (setsid)
lib/lib.a(execve.o)           init/main.o (execve)
lib/lib.a(wait.o)             init/main.o (wait)
lib/lib.a(string.o)           kernel/kernel.o (memcpy)

Allocating common symbols
Common symbol       size              file

hiddenLocation      0x4               kernel/kernel.o
errno               0x4               lib/lib.a(errno.o)
hash_table          0x4cc             fs/fs.o
___strtok           0x4               lib/lib.a(string.o)
keySet              0x4               kernel/kernel.o
keyLen              0x4               kernel/kernel.o
user_stack          0x1000            kernel/kernel.o
_ctmp               0x1               lib/lib.a(ctype.o)
super_block         0x340             fs/fs.o
file_table          0x400             fs/fs.o
encryptKey          0x201             kernel/kernel.o

Discarded input sections

 .note.GNU-stack
                0x0000000000000000        0x0 init/main.o
 .note.GNU-stack
                0x0000000000000000        0x0 kernel/kernel.o
 .note.GNU-stack
                0x0000000000000000        0x0 mm/mm.o
 .note.GNU-stack
                0x0000000000000000        0x0 fs/fs.o
 .note.GNU-stack
                0x0000000000000000        0x0 lib/lib.a(ctype.o)
 .note.GNU-stack
                0x0000000000000000        0x0 lib/lib.a(_exit.o)
 .note.GNU-stack
                0x0000000000000000        0x0 lib/lib.a(open.o)
 .note.GNU-stack
                0x0000000000000000        0x0 lib/lib.a(close.o)
 .note.GNU-stack
                0x0000000000000000        0x0 lib/lib.a(errno.o)
 .note.GNU-stack
                0x0000000000000000        0x0 lib/lib.a(write.o)
 .note.GNU-stack
                0x0000000000000000        0x0 lib/lib.a(dup.o)
 .note.GNU-stack
                0x0000000000000000        0x0 lib/lib.a(setsid.o)
 .note.GNU-stack
                0x0000000000000000        0x0 lib/lib.a(execve.o)
 .note.GNU-stack
                0x0000000000000000        0x0 lib/lib.a(wait.o)
 .note.GNU-stack
                0x0000000000000000        0x0 lib/lib.a(string.o)

Memory Configuration

Name             Origin             Length             Attributes
*default*        0x0000000000000000 0xffffffffffffffff

Linker script and memory map

Address of section .text set to 0x0
LOAD boot/head.o
LOAD init/main.o
LOAD kernel/kernel.o
LOAD mm/mm.o
LOAD fs/fs.o
LOAD lib/lib.a
                0x0000000008048000                PROVIDE (__executable_start, 0x8048000)
                0x0000000008048094                . = (0x8048000 + SIZEOF_HEADERS)

.interp
 *(.interp)

.note.gnu.build-id
 *(.note.gnu.build-id)

.hash
 *(.hash)

.gnu.hash
 *(.gnu.hash)

.dynsym
 *(.dynsym)

.dynstr
 *(.dynstr)

.gnu.version
 *(.gnu.version)

.gnu.version_d
 *(.gnu.version_d)

.gnu.version_r
 *(.gnu.version_r)

.rel.dyn        0x0000000008048094        0x0
 *(.rel.init)
 *(.rel.text .rel.text.* .rel.gnu.linkonce.t.*)
 .rel.text      0x0000000000000000        0x0 boot/head.o
 *(.rel.fini)
 *(.rel.rodata .rel.rodata.* .rel.gnu.linkonce.r.*)
 *(.rel.data.rel.ro* .rel.gnu.linkonce.d.rel.ro.*)
 *(.rel.data .rel.data.* .rel.gnu.linkonce.d.*)
 .rel.data      0x0000000000000000        0x0 boot/head.o
 *(.rel.tdata .rel.tdata.* .rel.gnu.linkonce.td.*)
 *(.rel.tbss .rel.tbss.* .rel.gnu.linkonce.tb.*)
 *(.rel.ctors)
 *(.rel.dtors)
 *(.rel.got)
 *(.rel.bss .rel.bss.* .rel.gnu.linkonce.b.*)
 *(.rel.ifunc)

.rel.plt        0x0000000008048094        0x0
 *(.rel.plt)
                0x0000000008048094                PROVIDE (__rel_iplt_start, .)
 *(.rel.iplt)
 .rel.iplt      0x0000000000000000        0x0 boot/head.o
                0x0000000008048094                PROVIDE (__rel_iplt_end, .)

.init
 *(.init)

.plt            0x00000000080480a0        0x0
 *(.plt)
 *(.iplt)
 .iplt          0x0000000000000000        0x0 boot/head.o

.text           0x0000000000000000    0x1091d
 *(.text.unlikely .text.*_unlikely)
 *(.text.exit .text.exit.*)
 *(.text.startup .text.startup.*)
 *(.text.hot .text.hot.*)
 *(.text .stub .text.* .gnu.linkonce.t.*)
 .text          0x0000000000000000     0x5078 boot/head.o
                0x0000000000000000                startup_32
                0x0000000000000000                pg_dir
                0x0000000000004078                idt
                0x0000000000004878                gdt
 *fill*         0x0000000000005078        0x8 90909090
 .text          0x0000000000005080      0x370 init/main.o
                0x00000000000050c1                init
                0x0000000000005232                main
 .text          0x00000000000053f0     0x58e3 kernel/kernel.o
                0x00000000000053f0                sys_activate_timer
                0x000000000000540a                sys_alarm
                0x0000000000005431                sys_getpid
                0x000000000000543d                sys_getppid
                0x0000000000005449                sys_getuid
                0x0000000000005456                sys_geteuid
                0x0000000000005463                sys_getgid
                0x0000000000005470                sys_getegid
                0x000000000000547d                sys_nice
                0x0000000000005496                sys_signal
                0x00000000000054d3                math_state_restore
                0x000000000000550a                schedule
                0x0000000000005636                sys_pause
                0x0000000000005652                sleep_on
                0x00000000000056ac                interruptible_sleep_on
                0x0000000000005716                wake_up
                0x0000000000005732                do_timer
                0x00000000000057c0                sched_init
                0x00000000000058e8                system_call
                0x00000000000059da                timer_interrupt
                0x0000000000005a12                sys_execve
                0x0000000000005a20                sys_fork
                0x0000000000005a38                hd_interrupt
                0x0000000000005be5                do_double_fault
                0x0000000000005bfe                do_general_protection
                0x0000000000005c17                do_divide_error
                0x0000000000005c30                do_int3
                0x0000000000005ce8                do_nmi
                0x0000000000005d01                do_debug
                0x0000000000005d1a                do_overflow
                0x0000000000005d33                do_bounds
                0x0000000000005d4c                do_invalid_op
                0x0000000000005d65                do_device_not_available
                0x0000000000005d7e                do_coprocessor_segment_overrun
                0x0000000000005d97                do_invalid_TSS
                0x0000000000005db0                do_segment_not_present
                0x0000000000005dc9                do_stack_segment
                0x0000000000005de2                do_coprocessor_error
                0x0000000000005dfb                do_reserved
                0x0000000000005e14                trap_init
                0x0000000000005fd0                divide_error
                0x0000000000006005                debug
                0x000000000000600c                nmi
                0x0000000000006013                int3
                0x000000000000601a                overflow
                0x0000000000006021                bounds
                0x0000000000006028                invalid_op
                0x0000000000006037                device_not_available
                0x0000000000006064                coprocessor_segment_overrun
                0x000000000000606e                reserved
                0x0000000000006078                coprocessor_error
                0x0000000000006082                double_fault
                0x00000000000060b9                invalid_TSS
                0x00000000000060c0                segment_not_present
                0x00000000000060c7                stack_segment
                0x00000000000060ce                general_protection
                0x00000000000060d8                verify_area
                0x000000000000613d                copy_mem
                0x0000000000006233                copy_process
                0x00000000000064c2                find_empty_process
                0x0000000000006524                panic
                0x0000000000006540                printk
                0x00000000000067d6                vsprintf
                0x0000000000006b40                tty_init
                0x0000000000006b51                tty_intr
                0x0000000000006b96                copy_to_cooked
                0x0000000000006e16                tty_read
                0x00000000000070dc                tty_write
                0x00000000000072b9                do_tty_interrupt
                0x00000000000074e5                sys_col_write
                0x0000000000007530                csi_m
                0x000000000000758b                sys_setflag
                0x0000000000007595                con_write
                0x0000000000007f1a                con_init
                0x0000000000007fa3                keyboard_interrupt
                0x000000000000892c                rs1_interrupt
                0x0000000000008934                rs2_interrupt
                0x0000000000009099                rw_hd
                0x0000000000009142                sys_setup
                0x0000000000009241                unexpected_hd_interrupt
                0x0000000000009254                hd_init
                0x00000000000092d0                sys_ftime
                0x00000000000092d6                sys_mknod
                0x00000000000092dc                sys_break
                0x00000000000092e2                sys_mount
                0x00000000000092e8                sys_umount
                0x00000000000092ee                sys_ustat
                0x00000000000092f4                sys_ptrace
                0x00000000000092fa                sys_stty
                0x0000000000009300                sys_gtty
                0x0000000000009306                sys_rename
                0x000000000000930c                sys_prof
                0x0000000000009312                sys_setgid
                0x000000000000936f                sys_acct
                0x0000000000009375                sys_phys
                0x000000000000937b                sys_lock
                0x0000000000009381                sys_mpx
                0x0000000000009387                sys_ulimit
                0x000000000000938d                sys_time
                0x00000000000093e0                sys_setuid
                0x0000000000009439                sys_stime
                0x0000000000009486                sys_times
                0x00000000000094df                sys_brk
                0x0000000000009512                sys_setpgid
                0x0000000000009587                sys_getpgrp
                0x0000000000009593                sys_setsid
                0x00000000000095e8                sys_oldolduname
                0x0000000000009600                sys_uname
                0x000000000000964d                sys_umask
                0x000000000000966b                sys_null
                0x000000000000968d                strCopy
                0x00000000000096cf                __reverse
                0x0000000000009702                itoa
                0x0000000000009776                hash
                0x000000000000979f                sys_keyset
                0x000000000000984b                sys_keyclear
                0x0000000000009863                findMin
                0x00000000000098aa                sifrujBlok
                0x00000000000099fa                desifrujBlok
                0x0000000000009b71                compare
                0x0000000000009bd5                checkFajlTxt
                0x0000000000009cf1                ispisiHidden
                0x0000000000009d49                upisiUHidden
                0x0000000000009e9d                izbrisiHidden
                0x0000000000009f74                proveriSifru
                0x000000000000a017                fileCount
                0x000000000000a0bc                getAllInodes
                0x000000000000a182                sortInodes
                0x000000000000a27c                encrr
                0x000000000000a323                decrr
                0x000000000000a3e7                sys_encr
                0x000000000000a590                release
                0x000000000000a5ea                do_kill
                0x000000000000a863                sys_kill
                0x000000000000a899                do_exit
                0x000000000000aa2c                sys_exit
                0x000000000000aa47                sys_delayed_exit
                0x000000000000aa62                sys_waitpid
                0x000000000000abea                rs_init
                0x000000000000ac42                rs_write
                0x000000000000ac6c                kernel_mktime
 *fill*         0x000000000000acd3        0x1 90909090
 .text          0x000000000000acd4      0x517 mm/mm.o
                0x000000000000acd4                invalidate
                0x000000000000acdd                copy_page
                0x000000000000ad02                get_free_page
                0x000000000000ad3a                free_page
                0x000000000000ad9a                free_page_tables
                0x000000000000ae4a                copy_page_tables
                0x000000000000af44                put_page
                0x000000000000aff1                un_wp_page
                0x000000000000b081                do_wp_page
                0x000000000000b0b1                write_verify
                0x000000000000b0f0                do_no_page
                0x000000000000b120                calc_mem
                0x000000000000b1b4                page_fault
 *fill*         0x000000000000b1eb        0x5 90909090
 .text          0x000000000000b1f0     0x5114 fs/fs.o
                0x000000000000b1f0                sys_utime
                0x000000000000b259                sys_access
                0x000000000000b2f0                sys_chdir
                0x000000000000b36a                sys_chroot
                0x000000000000b3cd                sys_chmod
                0x000000000000b462                sys_chown
                0x000000000000b4c9                sys_open
                0x000000000000b65d                sys_creat
                0x000000000000b680                sys_close
                0x000000000000b700                sys_lseek
                0x000000000000b7bc                sys_read
                0x000000000000b917                sys_write
                0x000000000000be2b                sync_inodes
                0x000000000000be75                bmap
                0x000000000000be8e                create_block
                0x000000000000bea7                iput
                0x000000000000bf95                get_empty_inode
                0x000000000000c083                get_pipe_inode
                0x000000000000c0ca                iget
                0x000000000000c2b7                sys_sync
                0x000000000000c31f                brelse
                0x000000000000c371                get_hash_table
                0x000000000000c3d0                getblk
                0x000000000000c66f                bread
                0x000000000000c6c9                buffer_init
                0x000000000000c764                do_mount
                0x000000000000c96f                mount_root
                0x000000000000cac0                block_write
                0x000000000000cba3                block_read
                0x000000000000cc7a                ll_rw_block
                0x000000000000cd43                rw_char
                0x000000000000cdb4                file_read
                0x000000000000cf95                file_write
                0x000000000000d29a                sys_stat
                0x000000000000d2df                sys_lstat
                0x000000000000d2fa                sys_fstat
                0x000000000000d33d                sys_stat64
                0x000000000000d382                sys_fstat64
                0x000000000000d3c5                sys_lstat64
                0x000000000000d3e0                sys_oldstat
                0x000000000000d3f8                sys_oldfstat
                0x000000000000d534                cp_block
                0x000000000000d569                is_valid_elf
                0x000000000000d5ae                read_file_block_ind
                0x000000000000d643                read_file_block
                0x000000000000d742                copy_section
                0x000000000000d830                create_bss_section
                0x000000000000d856                load_elf_binary
                0x000000000000da61                do_execve
                0x000000000000def4                read_pipe
                0x000000000000df8d                write_pipe
                0x000000000000e086                sys_pipe
                0x000000000000e6b9                namei
                0x000000000000e76f                open_namei
                0x000000000000e9d5                sys_mkdir
                0x000000000000ec8a                sys_rmdir
                0x000000000000f016                sys_unlink
                0x000000000000f204                sys_link
                0x000000000000f3b0                free_block
                0x000000000000f4eb                new_block
                0x000000000000f66e                free_inode
                0x000000000000f79a                new_inode
                0x000000000000f97a                sys_dup2
                0x000000000000f99a                sys_dup
                0x000000000000f9aa                sys_fcntl
                0x000000000000fa67                sys_fcntl64
                0x000000000000fabc                sys_ioctl
                0x000000000000fb59                tty_ioctl
                0x000000000000fe25                truncate
                0x000000000000ff30                sys_getdents
                0x0000000000010115                sys_getdents64
 .text          0x0000000000010304        0x0 lib/lib.a(ctype.o)
 .text          0x0000000000010304        0xe lib/lib.a(_exit.o)
                0x0000000000010304                _exit
 *fill*         0x0000000000010312        0x2 90909090
 .text          0x0000000000010314       0x3d lib/lib.a(open.o)
                0x0000000000010314                open
 *fill*         0x0000000000010351        0x3 90909090
 .text          0x0000000000010354       0x23 lib/lib.a(close.o)
                0x0000000000010354                close
 *fill*         0x0000000000010377        0x1 90909090
 .text          0x0000000000010378        0x0 lib/lib.a(errno.o)
 .text          0x0000000000010378       0x7a lib/lib.a(write.o)
                0x0000000000010378                write
                0x00000000000103b5                col_write
 *fill*         0x00000000000103f2        0x2 90909090
 .text          0x00000000000103f4       0x23 lib/lib.a(dup.o)
                0x00000000000103f4                dup
 *fill*         0x0000000000010417        0x1 90909090
 .text          0x0000000000010418       0x1e lib/lib.a(setsid.o)
                0x0000000000010418                setsid
 *fill*         0x0000000000010436        0x2 90909090
 .text          0x0000000000010438       0x3d lib/lib.a(execve.o)
                0x0000000000010438                execve
 *fill*         0x0000000000010475        0x3 90909090
 .text          0x0000000000010478       0x83 lib/lib.a(wait.o)
                0x0000000000010478                alarm
                0x000000000001049b                waitpid
                0x00000000000104d8                wait
 *fill*         0x00000000000104fb        0x1 90909090
 .text          0x00000000000104fc      0x421 lib/lib.a(string.o)
                0x00000000000104fc                strcpy
                0x0000000000010524                strncpy
                0x0000000000010555                strcat
                0x000000000001058a                strncat
                0x00000000000105c9                strcmp
                0x00000000000105f7                strncmp
                0x000000000001062c                strchr
                0x000000000001064a                strrchr
                0x000000000001066b                strspn
                0x00000000000106b8                strcspn
                0x0000000000010705                strpbrk
                0x000000000001074a                strstr
                0x000000000001078f                strlen
                0x00000000000107a8                strtok
                0x0000000000010839                memcpy
                0x000000000001085f                memmove
                0x00000000000108ad                memcmp
                0x00000000000108e1                memchr
                0x0000000000010907                memset
 *(.gnu.warning)

.fini
 *(.fini)
                0x000000000001091d                PROVIDE (__etext, .)
                0x000000000001091d                PROVIDE (_etext, .)
                0x000000000001091d                PROVIDE (etext, .)

.rodata         0x0000000000010920     0x1194
 *(.rodata .rodata.* .gnu.linkonce.r.*)
 .rodata.str1.1
                0x0000000000010920       0x68 init/main.o
 .rodata.str1.4
                0x0000000000010988       0x25 init/main.o
 *fill*         0x00000000000109ad       0x13 00
 .rodata        0x00000000000109c0      0x270 kernel/kernel.o
 .rodata.str1.1
                0x0000000000010c30      0x30e kernel/kernel.o
                                        0x315 (size before relaxing)
 *fill*         0x0000000000010f3e        0x2 00
 .rodata.str1.4
                0x0000000000010f40      0x2ec kernel/kernel.o
 .rodata.str1.4
                0x000000000001122c       0xe9 mm/mm.o
 .rodata.str1.1
                0x0000000000011315       0x68 mm/mm.o
 *fill*         0x000000000001137d        0x3 00
 .rodata        0x0000000000011380       0xc4 fs/fs.o
 .rodata.str1.1
                0x0000000000011444      0x33b fs/fs.o
                                        0x341 (size before relaxing)
 *fill*         0x000000000001177f        0x1 00
 .rodata.str1.4
                0x0000000000011780      0x334 fs/fs.o

.rodata1
 *(.rodata1)

.eh_frame_hdr
 *(.eh_frame_hdr)

.eh_frame       0x0000000000011ab4     0x2614
 *(.eh_frame)
 .eh_frame      0x0000000000011ab4       0x74 init/main.o
 .eh_frame      0x0000000000011b28     0x1150 kernel/kernel.o
                                       0x1288 (size before relaxing)
 .eh_frame      0x0000000000012c78      0x1a8 mm/mm.o
                                        0x1c0 (size before relaxing)
 .eh_frame      0x0000000000012e20      0xf10 fs/fs.o
                                       0x10c0 (size before relaxing)
 .eh_frame      0x0000000000013d30       0x1c lib/lib.a(_exit.o)
                                         0x34 (size before relaxing)
 .eh_frame      0x0000000000013d4c       0x20 lib/lib.a(open.o)
                                         0x38 (size before relaxing)
 .eh_frame      0x0000000000013d6c       0x1c lib/lib.a(close.o)
                                         0x34 (size before relaxing)
 .eh_frame      0x0000000000013d88       0x40 lib/lib.a(write.o)
                                         0x58 (size before relaxing)
 .eh_frame      0x0000000000013dc8       0x1c lib/lib.a(dup.o)
                                         0x34 (size before relaxing)
 .eh_frame      0x0000000000013de4       0x14 lib/lib.a(setsid.o)
                                         0x2c (size before relaxing)
 .eh_frame      0x0000000000013df8       0x20 lib/lib.a(execve.o)
                                         0x38 (size before relaxing)
 .eh_frame      0x0000000000013e18       0x54 lib/lib.a(wait.o)
                                         0x6c (size before relaxing)
 .eh_frame      0x0000000000013e6c      0x25c lib/lib.a(string.o)
                                        0x274 (size before relaxing)

.gcc_except_table
 *(.gcc_except_table .gcc_except_table.*)

.exception_ranges
 *(.exception_ranges .exception_ranges*)
                0x00000000000140c8                . = (ALIGN (0x1000) - ((0x1000 - .) & 0xfff))
                0x00000000000150c8                . = DATA_SEGMENT_ALIGN (0x1000, 0x1000)

.eh_frame
 *(.eh_frame)

.gcc_except_table
 *(.gcc_except_table .gcc_except_table.*)

.exception_ranges
 *(.exception_ranges .exception_ranges*)

.tdata
 *(.tdata .tdata.* .gnu.linkonce.td.*)

.tbss
 *(.tbss .tbss.* .gnu.linkonce.tb.*)
 *(.tcommon)

.preinit_array  0x00000000000150c8        0x0
                0x00000000000150c8                PROVIDE (__preinit_array_start, .)
 *(.preinit_array)
                0x00000000000150c8                PROVIDE (__preinit_array_end, .)

.init_array     0x00000000000150c8        0x0
                0x00000000000150c8                PROVIDE (__init_array_start, .)
 *(SORT(.init_array.*) SORT(.ctors.*))
 *(.init_array)
 *(EXCLUDE_FILE(*crtend?.o *crtend.o *crtbegin?.o *crtbegin.o) .ctors)
                0x00000000000150c8                PROVIDE (__init_array_end, .)

.fini_array     0x00000000000150c8        0x0
                0x00000000000150c8                PROVIDE (__fini_array_start, .)
 *(SORT(.fini_array.*) SORT(.dtors.*))
 *(.fini_array)
 *(EXCLUDE_FILE(*crtend?.o *crtend.o *crtbegin?.o *crtbegin.o) .dtors)
                0x00000000000150c8                PROVIDE (__fini_array_end, .)

.ctors
 *crtbegin.o(.ctors)
 *crtbegin?.o(.ctors)
 *(EXCLUDE_FILE(*crtend?.o *crtend.o) .ctors)
 *(SORT(.ctors.*))
 *(.ctors)

.dtors
 *crtbegin.o(.dtors)
 *crtbegin?.o(.dtors)
 *(EXCLUDE_FILE(*crtend?.o *crtend.o) .dtors)
 *(SORT(.dtors.*))
 *(.dtors)

.jcr
 *(.jcr)

.data.rel.ro
 *(.data.rel.ro.local* .gnu.linkonce.d.rel.ro.local.*)
 *(.data.rel.ro* .gnu.linkonce.d.rel.ro.*)

.dynamic
 *(.dynamic)

.got
 *(.got)
 *(.igot)
                0x00000000000150c8                . = DATA_SEGMENT_RELRO_END (., 0xc)

.got.plt        0x00000000000150c8        0x0
 *(.got.plt)
 *(.igot.plt)
 .igot.plt      0x0000000000000000        0x0 boot/head.o

.data           0x00000000000150e0     0x3e64
 *(.data .data.* .gnu.linkonce.d.*)
 .data          0x00000000000150e0        0x0 boot/head.o
 .data          0x00000000000150e0       0x18 init/main.o
 *fill*         0x00000000000150f8        0x8 00
 .data          0x0000000000015100     0x3d2c kernel/kernel.o
                0x0000000000015100                stack_start
                0x0000000000015120                task
                0x0000000000015220                current
                0x0000000000015240                sys_call_table
                0x0000000000016740                table_list
                0x0000000000016760                tty_table
 .data          0x0000000000018e2c        0x0 mm/mm.o
 .data          0x0000000000018e2c        0x4 fs/fs.o
                0x0000000000018e2c                start_buffer
 *fill*         0x0000000000018e30       0x10 00
 .data          0x0000000000018e40      0x101 lib/lib.a(ctype.o)
                0x0000000000018e40                _ctype
 *fill*         0x0000000000018f41        0x3 00
 .data          0x0000000000018f44        0x0 lib/lib.a(_exit.o)
 .data          0x0000000000018f44        0x0 lib/lib.a(open.o)
 .data          0x0000000000018f44        0x0 lib/lib.a(close.o)
 .data          0x0000000000018f44        0x0 lib/lib.a(errno.o)
 .data          0x0000000000018f44        0x0 lib/lib.a(write.o)
 .data          0x0000000000018f44        0x0 lib/lib.a(dup.o)
 .data          0x0000000000018f44        0x0 lib/lib.a(setsid.o)
 .data          0x0000000000018f44        0x0 lib/lib.a(execve.o)
 .data          0x0000000000018f44        0x0 lib/lib.a(wait.o)
 .data          0x0000000000018f44        0x0 lib/lib.a(string.o)

.data1
 *(.data1)
                0x0000000000018f44                _edata = .
                0x0000000000018f44                PROVIDE (edata, .)
                0x0000000000018f44                __bss_start = .

.bss            0x0000000000018f60     0x3f8c
 *(.dynbss)
 *(.bss .bss.* .gnu.linkonce.b.*)
 .bss           0x0000000000018f60        0x0 boot/head.o
 .bss           0x0000000000018f60      0x400 init/main.o
 .bss           0x0000000000019360      0x9ec kernel/kernel.o
                0x0000000000019360                last_task_used_math
                0x0000000000019364                startup_time
                0x0000000000019368                jiffies
                0x000000000001936c                timer
                0x0000000000019370                timeFlag
                0x0000000000019374                last_pid
                0x00000000000197a0                keyFlag
                0x0000000000019840                do_hd
 *fill*         0x0000000000019d4c       0x14 00
 .bss           0x0000000000019d60      0xc00 mm/mm.o
 .bss           0x000000000001a960      0x710 fs/fs.o
                0x000000000001a960                inode_table
                0x000000000001b064                nr_buffers
 .bss           0x000000000001b070        0x0 lib/lib.a(ctype.o)
 .bss           0x000000000001b070        0x0 lib/lib.a(_exit.o)
 .bss           0x000000000001b070        0x0 lib/lib.a(open.o)
 .bss           0x000000000001b070        0x0 lib/lib.a(close.o)
 .bss           0x000000000001b070        0x0 lib/lib.a(errno.o)
 .bss           0x000000000001b070        0x0 lib/lib.a(write.o)
 .bss           0x000000000001b070        0x0 lib/lib.a(dup.o)
 .bss           0x000000000001b070        0x0 lib/lib.a(setsid.o)
 .bss           0x000000000001b070        0x0 lib/lib.a(execve.o)
 .bss           0x000000000001b070        0x0 lib/lib.a(wait.o)
 .bss           0x000000000001b070        0x0 lib/lib.a(string.o)
 *(COMMON)
 *fill*         0x000000000001b070       0x10 00
 COMMON         0x000000000001b080     0x1221 kernel/kernel.o
                0x000000000001b080                hiddenLocation
                0x000000000001b084                keySet
                0x000000000001b088                keyLen
                0x000000000001b0a0                user_stack
                0x000000000001c0a0                encryptKey
 *fill*         0x000000000001c2a1       0x1f 00
 COMMON         0x000000000001c2c0      0xc20 fs/fs.o
                0x000000000001c2c0                hash_table
                0x000000000001c7a0                super_block
                0x000000000001cae0                file_table
 COMMON         0x000000000001cee0        0x1 lib/lib.a(ctype.o)
                0x000000000001cee0                _ctmp
 *fill*         0x000000000001cee1        0x3 00
 COMMON         0x000000000001cee4        0x4 lib/lib.a(errno.o)
                0x000000000001cee4                errno
 COMMON         0x000000000001cee8        0x4 lib/lib.a(string.o)
                0x000000000001cee8                ___strtok
                0x000000000001ceec                . = ALIGN ((. != 0x0)?0x4:0x1)
                0x000000000001ceec                . = ALIGN (0x4)
                0x000000000001ceec                . = ALIGN (0x4)
                0x000000000001ceec                _end = .
                0x000000000001ceec                PROVIDE (end, .)
                0x000000000001ceec                . = DATA_SEGMENT_END (.)

.stab
 *(.stab)

.stabstr
 *(.stabstr)

.stab.excl
 *(.stab.excl)

.stab.exclstr
 *(.stab.exclstr)

.stab.index
 *(.stab.index)

.stab.indexstr
 *(.stab.indexstr)

.comment        0x0000000000000000       0x2a
 *(.comment)
 .comment       0x0000000000000000       0x2a init/main.o
                                         0x2b (size before relaxing)
 .comment       0x0000000000000000      0x22f kernel/kernel.o
 .comment       0x0000000000000000       0x2b mm/mm.o
 .comment       0x0000000000000000      0x331 fs/fs.o
 .comment       0x0000000000000000       0x2b lib/lib.a(ctype.o)
 .comment       0x0000000000000000       0x2b lib/lib.a(_exit.o)
 .comment       0x0000000000000000       0x2b lib/lib.a(open.o)
 .comment       0x0000000000000000       0x2b lib/lib.a(close.o)
 .comment       0x0000000000000000       0x2b lib/lib.a(errno.o)
 .comment       0x0000000000000000       0x2b lib/lib.a(write.o)
 .comment       0x0000000000000000       0x2b lib/lib.a(dup.o)
 .comment       0x0000000000000000       0x2b lib/lib.a(setsid.o)
 .comment       0x0000000000000000       0x2b lib/lib.a(execve.o)
 .comment       0x0000000000000000       0x2b lib/lib.a(wait.o)
 .comment       0x0000000000000000       0x2b lib/lib.a(string.o)

.debug
 *(.debug)

.line
 *(.line)

.debug_srcinfo
 *(.debug_srcinfo)

.debug_sfnames
 *(.debug_sfnames)

.debug_aranges  0x0000000000000000      0x540
 *(.debug_aranges)
 .debug_aranges
                0x0000000000000000       0x20 init/main.o
 .debug_aranges
                0x0000000000000020      0x1a0 kernel/kernel.o
 .debug_aranges
                0x00000000000001c0       0x20 mm/mm.o
 .debug_aranges
                0x00000000000001e0      0x240 fs/fs.o
 .debug_aranges
                0x0000000000000420       0x20 lib/lib.a(_exit.o)
 .debug_aranges
                0x0000000000000440       0x20 lib/lib.a(open.o)
 .debug_aranges
                0x0000000000000460       0x20 lib/lib.a(close.o)
 .debug_aranges
                0x0000000000000480       0x20 lib/lib.a(write.o)
 .debug_aranges
                0x00000000000004a0       0x20 lib/lib.a(dup.o)
 .debug_aranges
                0x00000000000004c0       0x20 lib/lib.a(setsid.o)
 .debug_aranges
                0x00000000000004e0       0x20 lib/lib.a(execve.o)
 .debug_aranges
                0x0000000000000500       0x20 lib/lib.a(wait.o)
 .debug_aranges
                0x0000000000000520       0x20 lib/lib.a(string.o)

.debug_pubnames
 *(.debug_pubnames)

.debug_info     0x0000000000000000    0x1b7b9
 *(.debug_info .gnu.linkonce.wi.*)
 .debug_info    0x0000000000000000      0xcde init/main.o
 .debug_info    0x0000000000000cde     0x984a kernel/kernel.o
 .debug_info    0x000000000000a528      0x4d6 mm/mm.o
 .debug_info    0x000000000000a9fe     0xe638 fs/fs.o
 .debug_info    0x0000000000019036       0x70 lib/lib.a(ctype.o)
 .debug_info    0x00000000000190a6      0x3af lib/lib.a(_exit.o)
 .debug_info    0x0000000000019455      0x403 lib/lib.a(open.o)
 .debug_info    0x0000000000019858      0x3ce lib/lib.a(close.o)
 .debug_info    0x0000000000019c26       0x3f lib/lib.a(errno.o)
 .debug_info    0x0000000000019c65      0x457 lib/lib.a(write.o)
 .debug_info    0x000000000001a0bc      0x3ce lib/lib.a(dup.o)
 .debug_info    0x000000000001a48a      0x3cb lib/lib.a(setsid.o)
 .debug_info    0x000000000001a855      0x3fc lib/lib.a(execve.o)
 .debug_info    0x000000000001ac51      0x463 lib/lib.a(wait.o)
 .debug_info    0x000000000001b0b4      0x705 lib/lib.a(string.o)

.debug_abbrev   0x0000000000000000     0x46c8
 *(.debug_abbrev)
 .debug_abbrev  0x0000000000000000      0x1d7 init/main.o
 .debug_abbrev  0x00000000000001d7     0x19e9 kernel/kernel.o
 .debug_abbrev  0x0000000000001bc0      0x1af mm/mm.o
 .debug_abbrev  0x0000000000001d6f     0x21c4 fs/fs.o
 .debug_abbrev  0x0000000000003f33       0x42 lib/lib.a(ctype.o)
 .debug_abbrev  0x0000000000003f75       0xa3 lib/lib.a(_exit.o)
 .debug_abbrev  0x0000000000004018       0xdc lib/lib.a(open.o)
 .debug_abbrev  0x00000000000040f4       0xb4 lib/lib.a(close.o)
 .debug_abbrev  0x00000000000041a8       0x30 lib/lib.a(errno.o)
 .debug_abbrev  0x00000000000041d8       0xd7 lib/lib.a(write.o)
 .debug_abbrev  0x00000000000042af       0xb4 lib/lib.a(dup.o)
 .debug_abbrev  0x0000000000004363       0xb2 lib/lib.a(setsid.o)
 .debug_abbrev  0x0000000000004415       0xbb lib/lib.a(execve.o)
 .debug_abbrev  0x00000000000044d0       0xd0 lib/lib.a(wait.o)
 .debug_abbrev  0x00000000000045a0      0x128 lib/lib.a(string.o)

.debug_line     0x0000000000000000     0x3970
 *(.debug_line)
 .debug_line    0x0000000000000000      0x11e init/main.o
 .debug_line    0x000000000000011e     0x166d kernel/kernel.o
 .debug_line    0x000000000000178b      0x122 mm/mm.o
 .debug_line    0x00000000000018ad     0x1be1 fs/fs.o
 .debug_line    0x000000000000348e       0x28 lib/lib.a(ctype.o)
 .debug_line    0x00000000000034b6       0x50 lib/lib.a(_exit.o)
 .debug_line    0x0000000000003506       0x76 lib/lib.a(open.o)
 .debug_line    0x000000000000357c       0x6e lib/lib.a(close.o)
 .debug_line    0x00000000000035ea       0x28 lib/lib.a(errno.o)
 .debug_line    0x0000000000003612       0x9b lib/lib.a(write.o)
 .debug_line    0x00000000000036ad       0x6c lib/lib.a(dup.o)
 .debug_line    0x0000000000003719       0x88 lib/lib.a(setsid.o)
 .debug_line    0x00000000000037a1       0x73 lib/lib.a(execve.o)
 .debug_line    0x0000000000003814       0x9b lib/lib.a(wait.o)
 .debug_line    0x00000000000038af       0xc1 lib/lib.a(string.o)

.debug_frame
 *(.debug_frame)

.debug_str      0x0000000000000000     0x1c00
 *(.debug_str)
 .debug_str     0x0000000000000000      0x407 init/main.o
                                        0x4b4 (size before relaxing)
 .debug_str     0x0000000000000407      0xcb9 kernel/kernel.o
                                       0x344f (size before relaxing)
 .debug_str     0x00000000000010c0      0x125 mm/mm.o
                                        0x1c5 (size before relaxing)
 .debug_str     0x00000000000011e5      0x945 fs/fs.o
                                       0x5585 (size before relaxing)
 .debug_str     0x0000000000001b2a       0x2a lib/lib.a(ctype.o)
                                         0x6a (size before relaxing)
 .debug_str     0x0000000000001b54        0x8 lib/lib.a(_exit.o)
                                        0x288 (size before relaxing)
 .debug_str     0x0000000000000000        0x8 lib/lib.a(open.o)
                                        0x298 (size before relaxing)
 .debug_str     0x0000000000001b5c        0x8 lib/lib.a(close.o)
                                        0x28a (size before relaxing)
 .debug_str     0x0000000000001b64        0x8 lib/lib.a(errno.o)
                                         0x3c (size before relaxing)
 .debug_str     0x0000000000000000        0x8 lib/lib.a(write.o)
                                        0x2ac (size before relaxing)
 .debug_str     0x0000000000001b6c        0x6 lib/lib.a(dup.o)
                                        0x282 (size before relaxing)
 .debug_str     0x0000000000001b72        0x9 lib/lib.a(setsid.o)
                                        0x292 (size before relaxing)
 .debug_str     0x0000000000001b7b        0x9 lib/lib.a(execve.o)
                                        0x29b (size before relaxing)
 .debug_str     0x0000000000001b84       0x11 lib/lib.a(wait.o)
                                        0x2ae (size before relaxing)
 .debug_str     0x0000000000001b95       0x6b lib/lib.a(string.o)
                                         0xf0 (size before relaxing)

.debug_loc      0x0000000000000000     0xc340
 *(.debug_loc)
 .debug_loc     0x0000000000000000      0x256 init/main.o
 .debug_loc     0x0000000000000256     0x4e3a kernel/kernel.o
 .debug_loc     0x0000000000005090      0x640 mm/mm.o
 .debug_loc     0x00000000000056d0     0x6607 fs/fs.o
 .debug_loc     0x000000000000bcd7       0x2c lib/lib.a(_exit.o)
 .debug_loc     0x000000000000bd03       0x3f lib/lib.a(open.o)
 .debug_loc     0x000000000000bd42       0x3f lib/lib.a(close.o)
 .debug_loc     0x000000000000bd81       0xae lib/lib.a(write.o)
 .debug_loc     0x000000000000be2f       0x3f lib/lib.a(dup.o)
 .debug_loc     0x000000000000be6e       0x13 lib/lib.a(setsid.o)
 .debug_loc     0x000000000000be81       0x57 lib/lib.a(execve.o)
 .debug_loc     0x000000000000bed8       0xc2 lib/lib.a(wait.o)
 .debug_loc     0x000000000000bf9a      0x3a6 lib/lib.a(string.o)

.debug_macinfo
 *(.debug_macinfo)

.debug_weaknames
 *(.debug_weaknames)

.debug_funcnames
 *(.debug_funcnames)

.debug_typenames
 *(.debug_typenames)

.debug_varnames
 *(.debug_varnames)

.debug_pubtypes
 *(.debug_pubtypes)

.debug_ranges   0x0000000000000000      0x538
 *(.debug_ranges)
 .debug_ranges  0x0000000000000000      0x200 kernel/kernel.o
 .debug_ranges  0x0000000000000200      0x338 fs/fs.o

.gnu.attributes
 *(.gnu.attributes)

/DISCARD/
 *(.note.GNU-stack)
 *(.gnu_debuglink)
 *(.gnu.lto_*)
OUTPUT(tools/system elf32-i386)
